// Jest Snapshot v1, https://goo.gl/fbAQLP

exports[`Home should render 1`] = `
<DocumentFragment>
  .emotion-0 {
  display: -webkit-box;
  display: -webkit-flex;
  display: -ms-flexbox;
  display: flex;
  -webkit-box-pack: justify;
  -webkit-justify-content: space-between;
  justify-content: space-between;
  -webkit-align-items: center;
  -webkit-box-align: center;
  -ms-flex-align: center;
  align-items: center;
  padding-left: 40px;
  padding-right: 40px;
  padding-top: 16px;
  padding-bottom: 16px;
  background-color: #000;
}

.emotion-1 {
  display: -webkit-box;
  display: -webkit-flex;
  display: -ms-flexbox;
  display: flex;
  -webkit-box-pack: left;
  -ms-flex-pack: left;
  -webkit-justify-content: left;
  justify-content: left;
  -webkit-align-items: center;
  -webkit-box-align: center;
  -ms-flex-align: center;
  align-items: center;
  gap: 12px;
}

.emotion-2 {
  position: relative;
  display: -webkit-box;
  display: -webkit-flex;
  display: -ms-flexbox;
  display: flex;
  -webkit-align-items: center;
  -webkit-box-align: center;
  -ms-flex-align: center;
  align-items: center;
  -webkit-box-pack: center;
  -ms-flex-pack: center;
  -webkit-justify-content: center;
  justify-content: center;
  -webkit-flex-shrink: 0;
  -ms-flex-negative: 0;
  flex-shrink: 0;
  width: 40px;
  height: 40px;
  font-family: Inter;
  font-size: 1.25rem;
  line-height: 1;
  border-radius: 50%;
  overflow: hidden;
  -webkit-user-select: none;
  -moz-user-select: none;
  -ms-user-select: none;
  user-select: none;
}

.emotion-3 {
  width: 100%;
  height: 100%;
  text-align: center;
  object-fit: cover;
  color: transparent;
  text-indent: 10000px;
}

.emotion-4 {
  margin: 0;
  font-family: Inter;
  font-weight: 400;
  font-size: 1.5rem;
  line-height: 1.334;
  color: #FE0039;
}

.emotion-5 {
  -webkit-user-select: none;
  -moz-user-select: none;
  -ms-user-select: none;
  user-select: none;
  width: 1em;
  height: 1em;
  display: inline-block;
  fill: currentColor;
  -webkit-flex-shrink: 0;
  -ms-flex-negative: 0;
  flex-shrink: 0;
  -webkit-transition: fill 200ms cubic-bezier(0.4, 0, 0.2, 1) 0ms;
  transition: fill 200ms cubic-bezier(0.4, 0, 0.2, 1) 0ms;
  font-size: 2.1875rem;
}

<div
    class="MuiBox-root emotion-0"
  >
    <div
      class="MuiBox-root emotion-1"
    >
      <div
        class="MuiAvatar-root MuiAvatar-circular emotion-2"
      >
        <img
          alt="TAMASHFLIX"
          class="MuiAvatar-img emotion-3"
          src="/tamashflix.svg"
        />
      </div>
      <h5
        class="MuiTypography-root MuiTypography-h5 emotion-4"
      >
        TAMASHFLIX
      </h5>
    </div>
    <svg
      aria-hidden="true"
      class="MuiSvgIcon-root MuiSvgIcon-fontSizeLarge emotion-5"
      data-testid="PersonOutlineIcon"
      focusable="false"
      viewBox="0 0 24 24"
    >
      <path
        d="M12 5.9c1.16 0 2.1.94 2.1 2.1s-.94 2.1-2.1 2.1S9.9 9.16 9.9 8s.94-2.1 2.1-2.1m0 9c2.97 0 6.1 1.46 6.1 2.1v1.1H5.9V17c0-.64 3.13-2.1 6.1-2.1M12 4C9.79 4 8 5.79 8 8s1.79 4 4 4 4-1.79 4-4-1.79-4-4-4zm0 9c-2.67 0-8 1.34-8 4v3h16v-3c0-2.66-5.33-4-8-4z"
      />
    </svg>
  </div>
  .emotion-0 {
  display: -webkit-box;
  display: -webkit-flex;
  display: -ms-flexbox;
  display: flex;
  -webkit-box-pack: center;
  -ms-flex-pack: center;
  -webkit-justify-content: center;
  justify-content: center;
  -webkit-align-items: center;
  -webkit-box-align: center;
  -ms-flex-align: center;
  align-items: center;
  min-height: 90vh;
}

.emotion-1 {
  width: 100%;
  margin-left: auto;
  box-sizing: border-box;
  margin-right: auto;
  display: block;
  padding-left: 16px;
  padding-right: 16px;
}

@media (min-width:600px) {
  .emotion-1 {
    padding-left: 24px;
    padding-right: 24px;
  }
}

@media (min-width:600px) {
  .emotion-1 {
    max-width: 600px;
  }
}

.emotion-2 {
  background-color: #000;
  color: #fff;
  -webkit-transition: box-shadow 300ms cubic-bezier(0.4, 0, 0.2, 1) 0ms;
  transition: box-shadow 300ms cubic-bezier(0.4, 0, 0.2, 1) 0ms;
  border-radius: 4px;
  box-shadow: 0px 2px 1px -1px rgba(0,0,0,0.2),0px 1px 1px 0px rgba(0,0,0,0.14),0px 1px 3px 0px rgba(0,0,0,0.12);
  background-image: linear-gradient(rgba(255, 255, 255, 0.05), rgba(255, 255, 255, 0.05));
  overflow: hidden;
}

.emotion-3 {
  display: -webkit-box;
  display: -webkit-flex;
  display: -ms-flexbox;
  display: flex;
  -webkit-align-items: center;
  -webkit-box-align: center;
  -ms-flex-align: center;
  align-items: center;
  padding: 16px;
}

.emotion-4 {
  -webkit-flex: 1 1 auto;
  -ms-flex: 1 1 auto;
  flex: 1 1 auto;
}

.emotion-5 {
  margin: 0;
  font-family: Inter;
  font-weight: 400;
  font-size: 1.5rem;
  line-height: 1.334;
  display: block;
}

.emotion-6 {
  display: -webkit-box;
  display: -webkit-flex;
  display: -ms-flexbox;
  display: flex;
  -webkit-box-pack: left;
  -ms-flex-pack: left;
  -webkit-justify-content: left;
  justify-content: left;
  -webkit-align-items: center;
  -webkit-box-align: center;
  -ms-flex-align: center;
  align-items: center;
  gap: 12px;
}

.emotion-7 {
  position: relative;
  display: -webkit-box;
  display: -webkit-flex;
  display: -ms-flexbox;
  display: flex;
  -webkit-align-items: center;
  -webkit-box-align: center;
  -ms-flex-align: center;
  align-items: center;
  -webkit-box-pack: center;
  -ms-flex-pack: center;
  -webkit-justify-content: center;
  justify-content: center;
  -webkit-flex-shrink: 0;
  -ms-flex-negative: 0;
  flex-shrink: 0;
  width: 40px;
  height: 40px;
  font-family: Inter;
  font-size: 1.25rem;
  line-height: 1;
  border-radius: 50%;
  overflow: hidden;
  -webkit-user-select: none;
  -moz-user-select: none;
  -ms-user-select: none;
  user-select: none;
}

.emotion-8 {
  width: 100%;
  height: 100%;
  text-align: center;
  object-fit: cover;
  color: transparent;
  text-indent: 10000px;
}

.emotion-9 {
  margin: 0;
  font-family: Inter;
  font-weight: 400;
  font-size: 1.5rem;
  line-height: 1.334;
  color: #FE0039;
}

.emotion-10 {
  margin: 0;
  -webkit-flex-shrink: 0;
  -ms-flex-negative: 0;
  flex-shrink: 0;
  border-width: 0;
  border-style: solid;
  border-color: rgba(255, 255, 255, 0.12);
  border-bottom-width: thin;
}

.emotion-11 {
  padding: 16px;
}

.emotion-11:last-child {
  padding-bottom: 24px;
}

.emotion-12 {
  margin: 0;
  font-family: Inter;
  font-weight: 400;
  font-size: 1rem;
  line-height: 1.5;
  color: #ADB5BD;
}

.emotion-13 {
  margin: 0;
  font-family: Inter;
  font-weight: 400;
  font-size: 1rem;
  line-height: 1.5;
}

.emotion-14 {
  display: -webkit-box;
  display: -webkit-flex;
  display: -ms-flexbox;
  display: flex;
  -webkit-align-items: center;
  -webkit-box-align: center;
  -ms-flex-align: center;
  align-items: center;
  padding: 8px;
}

.emotion-14>:not(:first-of-type) {
  margin-left: 8px;
}

.emotion-15 {
  display: -webkit-inline-box;
  display: -webkit-inline-flex;
  display: -ms-inline-flexbox;
  display: inline-flex;
  -webkit-align-items: center;
  -webkit-box-align: center;
  -ms-flex-align: center;
  align-items: center;
  -webkit-box-pack: center;
  -ms-flex-pack: center;
  -webkit-justify-content: center;
  justify-content: center;
  position: relative;
  box-sizing: border-box;
  -webkit-tap-highlight-color: transparent;
  background-color: transparent;
  outline: 0;
  border: 0;
  margin: 0;
  border-radius: 0;
  padding: 0;
  cursor: pointer;
  -webkit-user-select: none;
  -moz-user-select: none;
  -ms-user-select: none;
  user-select: none;
  vertical-align: middle;
  -moz-appearance: none;
  -webkit-appearance: none;
  -webkit-text-decoration: none;
  text-decoration: none;
  color: inherit;
  font-family: Inter;
  font-weight: 500;
  font-size: 0.875rem;
  line-height: 1.75;
  text-transform: uppercase;
  min-width: 64px;
  padding: 6px 16px;
  border-radius: 4px;
  -webkit-transition: background-color 250ms cubic-bezier(0.4, 0, 0.2, 1) 0ms,box-shadow 250ms cubic-bezier(0.4, 0, 0.2, 1) 0ms,border-color 250ms cubic-bezier(0.4, 0, 0.2, 1) 0ms,color 250ms cubic-bezier(0.4, 0, 0.2, 1) 0ms;
  transition: background-color 250ms cubic-bezier(0.4, 0, 0.2, 1) 0ms,box-shadow 250ms cubic-bezier(0.4, 0, 0.2, 1) 0ms,border-color 250ms cubic-bezier(0.4, 0, 0.2, 1) 0ms,color 250ms cubic-bezier(0.4, 0, 0.2, 1) 0ms;
  color: #fff;
  background-color: #28A745;
  box-shadow: 0px 3px 1px -2px rgba(0,0,0,0.2),0px 2px 2px 0px rgba(0,0,0,0.14),0px 1px 5px 0px rgba(0,0,0,0.12);
}

.emotion-15::-moz-focus-inner {
  border-style: none;
}

.emotion-15.Mui-disabled {
  pointer-events: none;
  cursor: default;
}

@media print {
  .emotion-15 {
    -webkit-print-color-adjust: exact;
    color-adjust: exact;
  }
}

.emotion-15:hover {
  -webkit-text-decoration: none;
  text-decoration: none;
  background-color: rgb(28, 116, 48);
  box-shadow: 0px 2px 4px -1px rgba(0,0,0,0.2),0px 4px 5px 0px rgba(0,0,0,0.14),0px 1px 10px 0px rgba(0,0,0,0.12);
}

@media (hover: none) {
  .emotion-15:hover {
    background-color: #28A745;
  }
}

.emotion-15:active {
  box-shadow: 0px 5px 5px -3px rgba(0,0,0,0.2),0px 8px 10px 1px rgba(0,0,0,0.14),0px 3px 14px 2px rgba(0,0,0,0.12);
}

.emotion-15.Mui-focusVisible {
  box-shadow: 0px 3px 5px -1px rgba(0,0,0,0.2),0px 6px 10px 0px rgba(0,0,0,0.14),0px 1px 18px 0px rgba(0,0,0,0.12);
}

.emotion-15.Mui-disabled {
  color: rgba(255, 255, 255, 0.3);
  box-shadow: none;
  background-color: rgba(255, 255, 255, 0.12);
}

.emotion-16 {
  overflow: hidden;
  pointer-events: none;
  position: absolute;
  z-index: 0;
  top: 0;
  right: 0;
  bottom: 0;
  left: 0;
  border-radius: inherit;
}

.emotion-17 {
  display: -webkit-inline-box;
  display: -webkit-inline-flex;
  display: -ms-inline-flexbox;
  display: inline-flex;
  -webkit-align-items: center;
  -webkit-box-align: center;
  -ms-flex-align: center;
  align-items: center;
  -webkit-box-pack: center;
  -ms-flex-pack: center;
  -webkit-justify-content: center;
  justify-content: center;
  position: relative;
  box-sizing: border-box;
  -webkit-tap-highlight-color: transparent;
  background-color: transparent;
  outline: 0;
  border: 0;
  margin: 0;
  border-radius: 0;
  padding: 0;
  cursor: pointer;
  -webkit-user-select: none;
  -moz-user-select: none;
  -ms-user-select: none;
  user-select: none;
  vertical-align: middle;
  -moz-appearance: none;
  -webkit-appearance: none;
  -webkit-text-decoration: none;
  text-decoration: none;
  color: inherit;
  font-family: Inter;
  font-weight: 500;
  font-size: 0.875rem;
  line-height: 1.75;
  text-transform: uppercase;
  min-width: 64px;
  padding: 6px 16px;
  border-radius: 4px;
  -webkit-transition: background-color 250ms cubic-bezier(0.4, 0, 0.2, 1) 0ms,box-shadow 250ms cubic-bezier(0.4, 0, 0.2, 1) 0ms,border-color 250ms cubic-bezier(0.4, 0, 0.2, 1) 0ms,color 250ms cubic-bezier(0.4, 0, 0.2, 1) 0ms;
  transition: background-color 250ms cubic-bezier(0.4, 0, 0.2, 1) 0ms,box-shadow 250ms cubic-bezier(0.4, 0, 0.2, 1) 0ms,border-color 250ms cubic-bezier(0.4, 0, 0.2, 1) 0ms,color 250ms cubic-bezier(0.4, 0, 0.2, 1) 0ms;
  background-color: #FE0039;
  box-shadow: 0px 3px 1px -2px rgba(0,0,0,0.2),0px 2px 2px 0px rgba(0,0,0,0.14),0px 1px 5px 0px rgba(0,0,0,0.12);
}

.emotion-17::-moz-focus-inner {
  border-style: none;
}

.emotion-17.Mui-disabled {
  pointer-events: none;
  cursor: default;
}

@media print {
  .emotion-17 {
    -webkit-print-color-adjust: exact;
    color-adjust: exact;
  }
}

.emotion-17:hover {
  -webkit-text-decoration: none;
  text-decoration: none;
  box-shadow: 0px 2px 4px -1px rgba(0,0,0,0.2),0px 4px 5px 0px rgba(0,0,0,0.14),0px 1px 10px 0px rgba(0,0,0,0.12);
}

@media (hover: none) {
  .emotion-17:hover {
    background-color: #FE0039;
  }
}

.emotion-17:active {
  box-shadow: 0px 5px 5px -3px rgba(0,0,0,0.2),0px 8px 10px 1px rgba(0,0,0,0.14),0px 3px 14px 2px rgba(0,0,0,0.12);
}

.emotion-17.Mui-focusVisible {
  box-shadow: 0px 3px 5px -1px rgba(0,0,0,0.2),0px 6px 10px 0px rgba(0,0,0,0.14),0px 1px 18px 0px rgba(0,0,0,0.12);
}

.emotion-17.Mui-disabled {
  color: rgba(255, 255, 255, 0.3);
  box-shadow: none;
  background-color: rgba(255, 255, 255, 0.12);
}

<div
    class="MuiBox-root emotion-0"
  >
    <div
      class="MuiContainer-root MuiContainer-maxWidthSm emotion-1"
    >
      <div
        class="MuiPaper-root MuiPaper-elevation MuiPaper-rounded MuiPaper-elevation1 MuiCard-root emotion-2"
      >
        <div
          class="MuiCardHeader-root emotion-3"
        >
          <div
            class="MuiCardHeader-content emotion-4"
          >
            <span
              class="MuiTypography-root MuiTypography-h5 MuiCardHeader-title emotion-5"
            >
              <div
                class="MuiBox-root emotion-6"
              >
                <div
                  class="MuiAvatar-root MuiAvatar-circular emotion-7"
                >
                  <img
                    alt="TAMASHFLIX"
                    class="MuiAvatar-img emotion-8"
                    src="/tamashflix.svg"
                  />
                </div>
                <h5
                  class="MuiTypography-root MuiTypography-h5 emotion-9"
                >
                  TAMASHFLIX
                </h5>
              </div>
            </span>
          </div>
        </div>
        <hr
          class="MuiDivider-root MuiDivider-fullWidth emotion-10"
        />
        <div
          class="MuiCardContent-root emotion-11"
        >
          <p
            class="MuiTypography-root MuiTypography-body1 emotion-12"
          >
            While our app(Test App Name) is getting developed, play with our counter
          </p>
          <p
            class="MuiTypography-root MuiTypography-body1 emotion-13"
          >
            Count is 0
          </p>
        </div>
        <div
          class="MuiCardActions-root MuiCardActions-spacing emotion-14"
        >
          <button
            class="MuiButtonBase-root MuiButton-root MuiButton-contained MuiButton-containedSuccess MuiButton-sizeMedium MuiButton-containedSizeMedium MuiButton-root MuiButton-contained MuiButton-containedSuccess MuiButton-sizeMedium MuiButton-containedSizeMedium emotion-15"
            tabindex="0"
            type="button"
          >
            Increment
            <span
              class="MuiTouchRipple-root emotion-16"
            />
          </button>
          <button
            class="MuiButtonBase-root MuiButton-root MuiButton-contained MuiButton-containedAccent MuiButton-sizeMedium MuiButton-containedSizeMedium MuiButton-root MuiButton-contained MuiButton-containedAccent MuiButton-sizeMedium MuiButton-containedSizeMedium emotion-17"
            tabindex="0"
            type="button"
          >
            Reset the count
            <span
              class="MuiTouchRipple-root emotion-16"
            />
          </button>
        </div>
      </div>
    </div>
  </div>
</DocumentFragment>
`;
